exports[`Uptime Snapshot Test > react > test case common to both #0`] = `
<div class="ui-uptime-widget" data-id="uptime">
  <div class="ui-uptime-graph">
    <ul class="ui-uptime-list">
      <li class="ui-uptime-day ui-uptime-trouble ui-uptime-align-left">
        <em
          class="ui-uptime-width-extra-wide"
          style="transform: translateX(0%);"
          >09pm for 13 mins - Network connectivity issues in the Asia-Pacific
          region</em
        >
      </li>
      <li class="ui-uptime-day ui-uptime-up ui-uptime-align-left">
        <em class="ui-uptime-width-normal" style="transform: translateX(0%);"
          >12 May UTC</em
        >
      </li>
      <li class="ui-uptime-day ui-uptime-up ui-uptime-align-left">
        <em class="ui-uptime-width-normal" style="transform: translateX(-10%);"
          >11 May UTC</em
        >
      </li>
      <li class="ui-uptime-day ui-uptime-up ui-uptime-align-left">
        <em class="ui-uptime-width-normal" style="transform: translateX(-20%);"
          >10 May UTC</em
        >
      </li>
      <li class="ui-uptime-day ui-uptime-up ui-uptime-align-left">
        <em class="ui-uptime-width-normal" style="transform: translateX(-30%);"
          >09 May UTC</em
        >
      </li>
      <li class="ui-uptime-day ui-uptime-up ui-uptime-align-left">
        <em class="ui-uptime-width-normal" style="transform: translateX(-40%);"
          >08 May UTC</em
        >
      </li>
      <li class="ui-uptime-day ui-uptime-up ui-uptime-align-left">
        <em class="ui-uptime-width-normal" style="transform: translateX(-50%);"
          >07 May UTC</em
        >
      </li>
      <li class="ui-uptime-day ui-uptime-trouble ui-uptime-align-left">
        <em
          class="ui-uptime-width-extra-wide"
          style="transform: translateX(-50%);"
          >09pm for 13 mins - Network connectivity issues in the Asia-Pacific
          region</em
        >
      </li>
      <li class="ui-uptime-day ui-uptime-up ui-uptime-align-null">
        <em class="ui-uptime-width-normal">05 May UTC</em>
      </li>
      <li class="ui-uptime-day ui-uptime-up ui-uptime-align-null">
        <em class="ui-uptime-width-normal">04 May UTC</em>
      </li>
      <li class="ui-uptime-day ui-uptime-up ui-uptime-align-null">
        <em class="ui-uptime-width-normal">03 May UTC</em>
      </li>
      <li class="ui-uptime-day ui-uptime-up ui-uptime-align-null">
        <em class="ui-uptime-width-normal">02 May UTC</em>
      </li>
      <li class="ui-uptime-day ui-uptime-up ui-uptime-align-null">
        <em class="ui-uptime-width-normal">01 May UTC</em>
      </li>
      <li class="ui-uptime-day ui-uptime-up ui-uptime-align-null">
        <em class="ui-uptime-width-normal">30 Apr UTC</em>
      </li>
      <li class="ui-uptime-day ui-uptime-up ui-uptime-align-null">
        <em class="ui-uptime-width-normal">29 Apr UTC</em>
      </li>
      <li class="ui-uptime-day ui-uptime-up ui-uptime-align-null">
        <em class="ui-uptime-width-normal">28 Apr UTC</em>
      </li>
      <li class="ui-uptime-day ui-uptime-up ui-uptime-align-null">
        <em class="ui-uptime-width-normal">27 Apr UTC</em>
      </li>
      <li class="ui-uptime-day ui-uptime-up ui-uptime-align-null">
        <em class="ui-uptime-width-normal">26 Apr UTC</em>
      </li>
      <li class="ui-uptime-day ui-uptime-up ui-uptime-align-null">
        <em class="ui-uptime-width-normal">25 Apr UTC</em>
      </li>
      <li class="ui-uptime-day ui-uptime-up ui-uptime-align-null">
        <em class="ui-uptime-width-normal">24 Apr UTC</em>
      </li>
      <li class="ui-uptime-day ui-uptime-up ui-uptime-align-null">
        <em class="ui-uptime-width-normal">23 Apr UTC</em>
      </li>
      <li class="ui-uptime-day ui-uptime-up ui-uptime-align-null">
        <em class="ui-uptime-width-normal">22 Apr UTC</em>
      </li>
      <li class="ui-uptime-day ui-uptime-up ui-uptime-align-right">
        <em class="ui-uptime-width-normal" style="transform: translateX(50%);"
          >21 Apr UTC</em
        >
      </li>
      <li class="ui-uptime-day ui-uptime-up ui-uptime-align-right">
        <em class="ui-uptime-width-normal" style="transform: translateX(50%);"
          >20 Apr UTC</em
        >
      </li>
      <li class="ui-uptime-day ui-uptime-up ui-uptime-align-right">
        <em class="ui-uptime-width-normal" style="transform: translateX(40%);"
          >19 Apr UTC</em
        >
      </li>
      <li class="ui-uptime-day ui-uptime-up ui-uptime-align-right">
        <em class="ui-uptime-width-normal" style="transform: translateX(30%);"
          >18 Apr UTC</em
        >
      </li>
      <li class="ui-uptime-day ui-uptime-up ui-uptime-align-right">
        <em class="ui-uptime-width-normal" style="transform: translateX(20%);"
          >17 Apr UTC</em
        >
      </li>
      <li class="ui-uptime-day ui-uptime-up ui-uptime-align-right">
        <em class="ui-uptime-width-normal" style="transform: translateX(10%);"
          >16 Apr UTC</em
        >
      </li>
      <li class="ui-uptime-day ui-uptime-up ui-uptime-align-right">
        <em class="ui-uptime-width-normal" style="transform: translateX(0%);"
          >15 Apr UTC</em
        >
      </li>
      <li class="ui-uptime-seperator"></li>
      <li class="ui-uptime-day ui-uptime-up ui-uptime-align-left">
        <em class="ui-uptime-width-normal" style="transform: translateX(0%);"
          >14 Apr UTC</em
        >
      </li>
      <li class="ui-uptime-day ui-uptime-up ui-uptime-align-left">
        <em class="ui-uptime-width-normal" style="transform: translateX(-10%);"
          >13 Apr UTC</em
        >
      </li>
      <li class="ui-uptime-day ui-uptime-up ui-uptime-align-left">
        <em class="ui-uptime-width-normal" style="transform: translateX(-20%);"
          >12 Apr UTC</em
        >
      </li>
      <li class="ui-uptime-day ui-uptime-up ui-uptime-align-left">
        <em class="ui-uptime-width-normal" style="transform: translateX(-30%);"
          >11 Apr UTC</em
        >
      </li>
      <li class="ui-uptime-day ui-uptime-up ui-uptime-align-left">
        <em class="ui-uptime-width-normal" style="transform: translateX(-40%);"
          >10 Apr UTC</em
        >
      </li>
      <li class="ui-uptime-day ui-uptime-up ui-uptime-align-left">
        <em class="ui-uptime-width-normal" style="transform: translateX(-50%);"
          >09 Apr UTC</em
        >
      </li>
      <li class="ui-uptime-day ui-uptime-up ui-uptime-align-left">
        <em class="ui-uptime-width-normal" style="transform: translateX(-50%);"
          >08 Apr UTC</em
        >
      </li>
      <li class="ui-uptime-day ui-uptime-up ui-uptime-align-null">
        <em class="ui-uptime-width-normal">07 Apr UTC</em>
      </li>
      <li class="ui-uptime-day ui-uptime-up ui-uptime-align-null">
        <em class="ui-uptime-width-normal">06 Apr UTC</em>
      </li>
      <li class="ui-uptime-day ui-uptime-up ui-uptime-align-null">
        <em class="ui-uptime-width-normal">05 Apr UTC</em>
      </li>
      <li class="ui-uptime-day ui-uptime-up ui-uptime-align-null">
        <em class="ui-uptime-width-normal">04 Apr UTC</em>
      </li>
      <li class="ui-uptime-day ui-uptime-up ui-uptime-align-null">
        <em class="ui-uptime-width-normal">03 Apr UTC</em>
      </li>
      <li class="ui-uptime-day ui-uptime-up ui-uptime-align-null">
        <em class="ui-uptime-width-normal">02 Apr UTC</em>
      </li>
      <li class="ui-uptime-day ui-uptime-up ui-uptime-align-null">
        <em class="ui-uptime-width-normal">01 Apr UTC</em>
      </li>
      <li class="ui-uptime-day ui-uptime-up ui-uptime-align-null">
        <em class="ui-uptime-width-normal">31 Mar UTC</em>
      </li>
      <li class="ui-uptime-day ui-uptime-up ui-uptime-align-null">
        <em class="ui-uptime-width-normal">30 Mar UTC</em>
      </li>
      <li class="ui-uptime-day ui-uptime-up ui-uptime-align-null">
        <em class="ui-uptime-width-normal">29 Mar UTC</em>
      </li>
      <li class="ui-uptime-day ui-uptime-up ui-uptime-align-null">
        <em class="ui-uptime-width-normal">28 Mar UTC</em>
      </li>
      <li class="ui-uptime-day ui-uptime-up ui-uptime-align-null">
        <em class="ui-uptime-width-normal">27 Mar UTC</em>
      </li>
      <li class="ui-uptime-day ui-uptime-up ui-uptime-align-null">
        <em class="ui-uptime-width-normal">26 Mar UTC</em>
      </li>
      <li class="ui-uptime-day ui-uptime-up ui-uptime-align-null">
        <em class="ui-uptime-width-normal">25 Mar UTC</em>
      </li>
      <li class="ui-uptime-day ui-uptime-up ui-uptime-align-null">
        <em class="ui-uptime-width-normal">24 Mar UTC</em>
      </li>
      <li class="ui-uptime-day ui-uptime-up ui-uptime-align-null">
        <em class="ui-uptime-width-normal">23 Mar UTC</em>
      </li>
      <li class="ui-uptime-day ui-uptime-up ui-uptime-align-right">
        <em class="ui-uptime-width-normal" style="transform: translateX(50%);"
          >22 Mar UTC</em
        >
      </li>
      <li class="ui-uptime-day ui-uptime-up ui-uptime-align-right">
        <em class="ui-uptime-width-normal" style="transform: translateX(50%);"
          >21 Mar UTC</em
        >
      </li>
      <li class="ui-uptime-day ui-uptime-up ui-uptime-align-right">
        <em class="ui-uptime-width-normal" style="transform: translateX(40%);"
          >20 Mar UTC</em
        >
      </li>
      <li class="ui-uptime-day ui-uptime-up ui-uptime-align-right">
        <em class="ui-uptime-width-normal" style="transform: translateX(30%);"
          >19 Mar UTC</em
        >
      </li>
      <li class="ui-uptime-day ui-uptime-up ui-uptime-align-right">
        <em class="ui-uptime-width-normal" style="transform: translateX(20%);"
          >18 Mar UTC</em
        >
      </li>
      <li class="ui-uptime-day ui-uptime-up ui-uptime-align-right">
        <em class="ui-uptime-width-normal" style="transform: translateX(10%);"
          >17 Mar UTC</em
        >
      </li>
      <li class="ui-uptime-day ui-uptime-trouble ui-uptime-align-right">
        <em
          class="ui-uptime-width-extra-wide"
          style="transform: translateX(0%);"
          >Extreme - Ad ipisicing officia be atae rerum soluta cupid it ate
          Libero nulla n…</em
        >
      </li>
      <li class="ui-uptime-seperator"></li>
      <li class="ui-uptime-day ui-uptime-up ui-uptime-align-left">
        <em class="ui-uptime-width-normal" style="transform: translateX(0%);"
          >15 Mar UTC</em
        >
      </li>
      <li class="ui-uptime-day ui-uptime-up ui-uptime-align-left">
        <em class="ui-uptime-width-normal" style="transform: translateX(-10%);"
          >14 Mar UTC</em
        >
      </li>
      <li class="ui-uptime-day ui-uptime-up ui-uptime-align-left">
        <em class="ui-uptime-width-normal" style="transform: translateX(-20%);"
          >13 Mar UTC</em
        >
      </li>
      <li class="ui-uptime-day ui-uptime-up ui-uptime-align-left">
        <em class="ui-uptime-width-normal" style="transform: translateX(-30%);"
          >12 Mar UTC</em
        >
      </li>
      <li class="ui-uptime-day ui-uptime-up ui-uptime-align-left">
        <em class="ui-uptime-width-normal" style="transform: translateX(-40%);"
          >11 Mar UTC</em
        >
      </li>
      <li class="ui-uptime-day ui-uptime-up ui-uptime-align-left">
        <em class="ui-uptime-width-normal" style="transform: translateX(-50%);"
          >10 Mar UTC</em
        >
      </li>
      <li class="ui-uptime-day ui-uptime-up ui-uptime-align-left">
        <em class="ui-uptime-width-normal" style="transform: translateX(-50%);"
          >09 Mar UTC</em
        >
      </li>
      <li class="ui-uptime-day ui-uptime-up ui-uptime-align-null">
        <em class="ui-uptime-width-normal">08 Mar UTC</em>
      </li>
      <li class="ui-uptime-day ui-uptime-up ui-uptime-align-null">
        <em class="ui-uptime-width-normal">07 Mar UTC</em>
      </li>
      <li class="ui-uptime-day ui-uptime-up ui-uptime-align-null">
        <em class="ui-uptime-width-normal">06 Mar UTC</em>
      </li>
      <li class="ui-uptime-day ui-uptime-up ui-uptime-align-null">
        <em class="ui-uptime-width-normal">05 Mar UTC</em>
      </li>
      <li class="ui-uptime-day ui-uptime-up ui-uptime-align-null">
        <em class="ui-uptime-width-normal">04 Mar UTC</em>
      </li>
      <li class="ui-uptime-day ui-uptime-up ui-uptime-align-null">
        <em class="ui-uptime-width-normal">03 Mar UTC</em>
      </li>
      <li class="ui-uptime-day ui-uptime-up ui-uptime-align-null">
        <em class="ui-uptime-width-normal">02 Mar UTC</em>
      </li>
      <li class="ui-uptime-day ui-uptime-down ui-uptime-align-null">
        <em class="ui-uptime-width-extra-wide"
          >09pm for 13 mins - Network connectivity issues in the Asia-Pacific
          region</em
        >
      </li>
      <li class="ui-uptime-day ui-uptime-up ui-uptime-align-null">
        <em class="ui-uptime-width-normal">28 Feb UTC</em>
      </li>
      <li class="ui-uptime-day ui-uptime-up ui-uptime-align-null">
        <em class="ui-uptime-width-normal">27 Feb UTC</em>
      </li>
      <li class="ui-uptime-day ui-uptime-up ui-uptime-align-null">
        <em class="ui-uptime-width-normal">26 Feb UTC</em>
      </li>
      <li class="ui-uptime-day ui-uptime-up ui-uptime-align-null">
        <em class="ui-uptime-width-normal">25 Feb UTC</em>
      </li>
      <li class="ui-uptime-day ui-uptime-up ui-uptime-align-null">
        <em class="ui-uptime-width-normal">24 Feb UTC</em>
      </li>
      <li class="ui-uptime-day ui-uptime-up ui-uptime-align-null">
        <em class="ui-uptime-width-normal">23 Feb UTC</em>
      </li>
      <li class="ui-uptime-day ui-uptime-up ui-uptime-align-null">
        <em class="ui-uptime-width-normal">22 Feb UTC</em>
      </li>
      <li class="ui-uptime-day ui-uptime-up ui-uptime-align-null">
        <em class="ui-uptime-width-normal">21 Feb UTC</em>
      </li>
      <li class="ui-uptime-day ui-uptime-up ui-uptime-align-right">
        <em class="ui-uptime-width-normal" style="transform: translateX(50%);"
          >20 Feb UTC</em
        >
      </li>
      <li class="ui-uptime-day ui-uptime-up ui-uptime-align-right">
        <em class="ui-uptime-width-normal" style="transform: translateX(50%);"
          >19 Feb UTC</em
        >
      </li>
      <li class="ui-uptime-day ui-uptime-up ui-uptime-align-right">
        <em class="ui-uptime-width-normal" style="transform: translateX(40%);"
          >18 Feb UTC</em
        >
      </li>
      <li class="ui-uptime-day ui-uptime-up ui-uptime-align-right">
        <em class="ui-uptime-width-normal" style="transform: translateX(30%);"
          >17 Feb UTC</em
        >
      </li>
      <li class="ui-uptime-day ui-uptime-up ui-uptime-align-right">
        <em class="ui-uptime-width-normal" style="transform: translateX(20%);"
          >16 Feb UTC</em
        >
      </li>
      <li class="ui-uptime-day ui-uptime-up ui-uptime-align-right">
        <em class="ui-uptime-width-normal" style="transform: translateX(10%);"
          >15 Feb UTC</em
        >
      </li>
      <li class="ui-uptime-day ui-uptime-up ui-uptime-align-right">
        <em class="ui-uptime-width-normal" style="transform: translateX(0%);"
          >14 Feb UTC</em
        >
      </li>
      <li class="ui-uptime-day ui-uptime-up ui-uptime-align-right">
        <em class="ui-uptime-width-normal" style="transform: translateX(0%);"
          >13 Feb UTC</em
        >
      </li>
    </ul>
  </div>
  <div class="ui-uptime-footer">
    <div class="ui-uptime-legend">
      <span class="ui-uptime-key ui-uptime-up text-white">All good</span
      ><span class="ui-uptime-key ui-uptime-trouble text-white"
        >Performance issue</span
      ><span class="ui-uptime-key ui-uptime-down text-white"
        >Service disruption</span
      >
    </div>
    <div class="ui-uptime-link-back">
      <a
        href="//status.ably.com"
        class="text-menu3 text-gui-default font-medium flex items-baseline hover:text-gui-hover focus:text-gui-focus focus:outline-gui-focus py-8 block group"
        >More on our status site<svg
          class="w-12 h-12 transform -rotate-90 align-top ui-icon-white group-hover:icon-gui-hover group-focus:icon-gui-focus ml-4"
        >
          <use xlink:href="#sprite-disclosure-arrow"></use></svg
      ></a>
    </div>
  </div>
</div>
`;

exports[`Uptime Snapshot Test > react > test case common to both #1`] = `
<div
  class="flex uptime-md:flex-row justify-center items-center p-24 border rounded font-sans font-light text-p2 text-cool-black"
  data-id="uptime-error"
>
  Sorry, we can’t retrieve uptime data right now.
</div>
`;
