// Jest Snapshot v1, https://goo.gl/fbAQLP

exports[`Components/Dropdown Menu Default smoke-test 1`] = `
<div id="dropdown-menu"
     class="relative"
>
  <button id="menu-trigger"
          role="button"
          class="flex items-center ui-text-label3 font-bold text-neutral-1000 dark:text-neutral-300 focus:outline-none ui-text-h3"
  >
    Dropdown Menu Trigger
    <svg class="inline-block text-neutral-1300 dark:text-neutral-000"
         style="width: 1.25rem; height: 1.25rem;"
    >
      <use xlink:href="#sprite-icon-gui-chevron-down-mini">
      </use>
    </svg>
  </button>
</div>
`;
