// Jest Snapshot v1, https://goo.gl/fbAQLP

exports[`Styles/Forms Checkboxes smoke-test 1`] = `
<div class="grid sm:grid-cols-2 gap-4">
  <div class="flex flex-col gap-2">
    <p class="mb-4 text-neutral-800">
      Default
    </p>
    <div class="ui-checkbox-p1 flex items-center">
      <input data-ui-checkbox-native
             type="checkbox"
             id="checkbox-example-1"
             name="checkbox-example-1"
             class="ui-checkbox-input"
             value="yes"
      >
      <div data-ui-checkbox-styled
           class="ui-checkbox-styled"
      >
        <svg class="inline-block ui-checkbox-styled-tick"
             style="width: 1rem; height: 1rem;"
        >
          <use xlink:href="#sprite-icon-gui-check-micro">
          </use>
        </svg>
      </div>
      <label for="checkbox-example-1"
             class="ui-checkbox-label-p1"
      >
        Option 1
      </label>
    </div>
    <div class="ui-checkbox-p1 flex items-center">
      <input data-ui-checkbox-native
             type="checkbox"
             id="checkbox-example-2"
             name="checkbox-example-2"
             class="ui-checkbox-input"
             value="yes"
      >
      <div data-ui-checkbox-styled
           class="ui-checkbox-styled"
      >
        <svg class="inline-block ui-checkbox-styled-tick"
             style="width: 1rem; height: 1rem;"
        >
          <use xlink:href="#sprite-icon-gui-check-micro">
          </use>
        </svg>
      </div>
      <label for="checkbox-example-2"
             class="ui-checkbox-label-p1"
      >
        Option 2
      </label>
    </div>
    <div class="ui-checkbox-p1 flex items-center">
      <input data-ui-checkbox-native
             type="checkbox"
             id="checkbox-example-3"
             name="checkbox-example-3"
             class="ui-checkbox-input"
             value="yes"
      >
      <div data-ui-checkbox-styled
           class="ui-checkbox-styled"
      >
        <svg class="inline-block ui-checkbox-styled-tick"
             style="width: 1rem; height: 1rem;"
        >
          <use xlink:href="#sprite-icon-gui-check-micro">
          </use>
        </svg>
      </div>
      <label for="checkbox-example-3"
             class="ui-checkbox-label-p1"
      >
        Option 3
      </label>
    </div>
  </div>
  <div class="flex flex-col gap-2">
    <p class="mb-4 text-neutral-800">
      Disabled
    </p>
    <div class="ui-checkbox-p1 flex items-center">
      <input data-ui-checkbox-native
             type="checkbox"
             id="checkbox-example-4"
             name="checkbox-example-4"
             class="ui-checkbox-input"
             disabled
             value="yes"
      >
      <div data-ui-checkbox-styled
           class="ui-checkbox-styled"
      >
        <svg class="inline-block ui-checkbox-styled-tick"
             style="width: 1rem; height: 1rem;"
        >
          <use xlink:href="#sprite-icon-gui-check-micro">
          </use>
        </svg>
      </div>
      <label for="checkbox-example-4"
             class="ui-checkbox-label-p1"
      >
        Option 4
      </label>
    </div>
    <div class="ui-checkbox-p1 flex items-center">
      <input data-ui-checkbox-native
             type="checkbox"
             id="checkbox-example-5"
             name="checkbox-example-5"
             class="ui-checkbox-input"
             disabled
             value="yes"
      >
      <div data-ui-checkbox-styled
           class="ui-checkbox-styled"
      >
        <svg class="inline-block ui-checkbox-styled-tick"
             style="width: 1rem; height: 1rem;"
        >
          <use xlink:href="#sprite-icon-gui-check-micro">
          </use>
        </svg>
      </div>
      <label for="checkbox-example-5"
             class="ui-checkbox-label-p1"
      >
        Option 5
      </label>
    </div>
    <div class="ui-checkbox-p1 flex items-center">
      <input data-ui-checkbox-native
             type="checkbox"
             id="checkbox-example-6"
             name="checkbox-example-6"
             class="ui-checkbox-input"
             disabled
             value="yes"
      >
      <div data-ui-checkbox-styled
           class="ui-checkbox-styled"
      >
        <svg class="inline-block ui-checkbox-styled-tick"
             style="width: 1rem; height: 1rem;"
        >
          <use xlink:href="#sprite-icon-gui-check-micro">
          </use>
        </svg>
      </div>
      <label for="checkbox-example-6"
             class="ui-checkbox-label-p1"
      >
        Option 6
      </label>
    </div>
  </div>
</div>
`;

exports[`Styles/Forms Dropdowns smoke-test 1`] = `
<div class="grid sm:grid-cols-2 gap-4">
  <div>
    <p class="mb-4 text-neutral-800">
      Default
    </p>
    <select class="ui-dropdown">
      <option value="select"
              disabled
              selected
      >
        Select language
      </option>
      <option value="javascript">
        Javascript
      </option>
      <option value="ruby">
        Ruby
      </option>
      <option value="python">
        Python
      </option>
      <option value="java">
        Java
      </option>
    </select>
  </div>
  <div>
    <p class="mb-4 text-neutral-800">
      Small
    </p>
    <select class="ui-dropdown-small">
      <option value="select"
              disabled
              selected
      >
        Select language
      </option>
      <option value="javascript">
        Javascript
      </option>
      <option value="ruby">
        Ruby
      </option>
      <option value="python">
        Python
      </option>
      <option value="java">
        Java
      </option>
    </select>
  </div>
  <div>
    <p class="mb-4 text-neutral-800">
      Disabled
    </p>
    <select class="ui-dropdown"
            disabled
    >
      <option value="select"
              disabled
              selected
      >
        Select language
      </option>
      <option value="javascript">
        Javascript
      </option>
      <option value="ruby">
        Ruby
      </option>
      <option value="python">
        Python
      </option>
      <option value="java">
        Java
      </option>
    </select>
  </div>
  <div>
    <p class="mb-4 text-neutral-800">
      Synthetic
    </p>
    <div class="ui-dropdown max-w-64"
         tabindex="0"
    >
      Select language
    </div>
  </div>
</div>
`;

exports[`Styles/Forms Inputs smoke-test 1`] = `
<div class="grid sm:grid-cols-2 gap-4">
  <div>
    <p class="mb-4 text-neutral-800">
      Default
    </p>
    <input type="search"
           class="ui-input"
           placeholder="Light mode input"
           autocomplete="off"
    >
  </div>
  <div>
    <p class="mb-4 text-neutral-800">
      Disabled
    </p>
    <input type="search"
           class="ui-input disabled"
           placeholder="Light mode input"
           autocomplete="off"
           disabled
    >
  </div>
  <div>
    <p class="mb-4 text-neutral-800">
      Invalid
    </p>
    <input type="search"
           class="ui-input disabled"
           placeholder="Light mode input"
           autocomplete="off"
           required
    >
    <p class="ui-text-p3 text-gui-error-red mt-2">
      Oof, what an input
    </p>
  </div>
  <div>
    <p class="mb-4 text-neutral-800">
      With character insert
    </p>
    <div class="relative">
      <div class="h-8 w-8 absolute left-2 top-2 flex items-center justify-center select-none cursor-default">
        $
      </div>
      <input type="search"
             class="ui-input pl-10"
             placeholder="With icon"
             autocomplete="off"
      >
    </div>
  </div>
</div>
`;

exports[`Styles/Forms RadioButtons smoke-test 1`] = `
<div class="grid sm:grid-cols-2 gap-4">
  <div class="flex flex-col gap-2">
    <p class="mb-4 text-neutral-800">
      Default
    </p>
    <div class="flex items-center gap-2">
      <input data-ui-radio-native
             type="radio"
             id="radio-example-1"
             name="radio-example"
             class="ui-radio"
             value="option-1"
      >
      <label class="text-neutral-1300 dark:text-neutral-000"
             for="radio-example-1"
      >
        Option 1
      </label>
    </div>
    <div class="flex items-center gap-2">
      <input data-ui-radio-native
             type="radio"
             id="radio-example-2"
             name="radio-example"
             class="ui-radio"
             value="option-2"
      >
      <label class="text-neutral-1300 dark:text-neutral-000"
             for="radio-example-2"
      >
        Option 2
      </label>
    </div>
    <div class="flex items-center gap-2">
      <input data-ui-radio-native
             type="radio"
             id="radio-example-3"
             name="radio-example"
             class="ui-radio"
             value="option-3"
      >
      <label class="text-neutral-1300 dark:text-neutral-000"
             for="radio-example-3"
      >
        Option 3
      </label>
    </div>
  </div>
  <div class="flex flex-col gap-2">
    <p class="mb-4 text-neutral-800">
      Disabled
    </p>
    <div class="flex items-center gap-2">
      <input data-ui-radio-native
             type="radio"
             id="radio-example-4"
             name="radio-example"
             class="ui-radio"
             disabled
             value="option-4"
      >
      <label class="text-neutral-1300 dark:text-neutral-000"
             for="radio-example-4"
      >
        Option 4
      </label>
    </div>
    <div class="flex items-center gap-2">
      <input data-ui-radio-native
             type="radio"
             id="radio-example-5"
             name="radio-example"
             class="ui-radio"
             disabled
             value="option-5"
      >
      <label class="text-neutral-1300 dark:text-neutral-000"
             for="radio-example-5"
      >
        Option 5
      </label>
    </div>
    <div class="flex items-center gap-2">
      <input data-ui-radio-native
             type="radio"
             id="radio-example-6"
             name="radio-example"
             class="ui-radio"
             disabled
             value="option-6"
      >
      <label class="text-neutral-1300 dark:text-neutral-000"
             for="radio-example-6"
      >
        Option 6
      </label>
    </div>
  </div>
</div>
`;

exports[`Styles/Forms Textareas smoke-test 1`] = `
<div class="mb-10">
  <label class="ui-text-p1 block"
         for="example-text-area"
  >
  </label>
  <textarea id="example-text-area"
            class="ui-textarea"
            rows="2"
            placeholder="The <textarea> HTML element represents a multi-line plain-text editing control, useful when you want to allow users to enter a sizeable amount of free-form text, for example a comment on a review or feedback form."
  >
  </textarea>
  <p class="ui-text-p3 text-dark-grey">
    Example of additional text beneath the textarea.
  </p>
</div>
`;

exports[`Styles/Forms Toggles smoke-test 1`] = `
<div class="grid sm:grid-cols-2 gap-4">
  <div class="flex gap-4 items-center">
    <label class="ui-toggle">
      <input type="checkbox">
      <span class="ui-toggle-slider">
      </span>
    </label>
    <p>
      Default
    </p>
  </div>
  <div class="flex gap-4 items-center">
    <label class="ui-toggle">
      <input type="checkbox"
             checked
      >
      <span class="ui-toggle-slider">
      </span>
    </label>
    <p>
      Pre-checked
    </p>
  </div>
  <div class="flex gap-4 items-center">
    <label class="ui-toggle">
      <input type="checkbox"
             disabled
      >
      <span class="ui-toggle-slider">
      </span>
    </label>
    <p>
      Disabled
    </p>
  </div>
  <div class="flex gap-4 items-center">
    <label class="ui-toggle">
      <input type="checkbox"
             class="peer"
      >
      <span class="ui-toggle-slider peer-checked:!bg-pink-600 bg-blue-800">
      </span>
    </label>
    <p>
      Custom color
    </p>
  </div>
</div>
`;
