// Jest Snapshot v1, https://goo.gl/fbAQLP

exports[`Styles/Typography Code smoke-test 1`] = `
<div class="grid grid-cols-2 gap-16">
  <div class="rounded-lg p-16 flex flex-col gap-8 bg-neutral-100 text-neutral-1300 dark:bg-neutral-1200 dark:text-neutral-000 ui-text-code">
    <div>
      Code 1
    </div>
    <code class="font-mono ui-text-code2 bg-neutral-200 text-neutral-1200 dark:bg-neutral-1100 dark:text-neutral-100 rounded-lg p-8">
      .ui-text-code
    </code>
  </div>
  <div class="rounded-lg p-16 flex flex-col gap-8 bg-neutral-100 text-neutral-1300 dark:bg-neutral-1200 dark:text-neutral-000 ui-text-code2">
    <div>
      Code 2
    </div>
    <code class="font-mono ui-text-code2 bg-neutral-200 text-neutral-1200 dark:bg-neutral-1100 dark:text-neutral-100 rounded-lg p-8">
      .ui-text-code2
    </code>
  </div>
</div>
`;

exports[`Styles/Typography Decorative smoke-test 1`] = `
<div class="grid sm:grid-cols-3 gap-16">
  <div class="rounded-lg p-16 flex flex-col gap-8 bg-neutral-100 text-neutral-1300 dark:bg-neutral-1200 dark:text-neutral-000 ui-text-sub-header">
    <div>
      Sub-header
    </div>
    <code class="font-mono ui-text-code2 bg-neutral-200 text-neutral-1200 dark:bg-neutral-1100 dark:text-neutral-100 rounded-lg p-8">
      .ui-text-sub-header
    </code>
  </div>
  <div class="rounded-lg p-16 flex flex-col gap-8 bg-neutral-100 dark:bg-neutral-1200 dark:text-neutral-000 ui-text-sub-header text-sub-header-xs">
    <div>
      Sub-header XS
    </div>
    <code class="font-mono ui-text-code2 bg-neutral-200 text-neutral-1200 dark:bg-neutral-1100 dark:text-neutral-100 rounded-lg p-8">
      .ui-text-sub-header.text-sub-header-xs
    </code>
  </div>
  <div class="rounded-lg p-16 flex flex-col gap-8 bg-neutral-100 text-neutral-1300 dark:bg-neutral-1200 dark:text-neutral-000 ui-text-overline1">
    <div>
      Overline 1
    </div>
    <code class="font-mono ui-text-code2 bg-neutral-200 text-neutral-1200 dark:bg-neutral-1100 dark:text-neutral-100 rounded-lg p-8">
      .ui-text-overline1
    </code>
  </div>
  <div class="rounded-lg p-16 flex flex-col gap-8 bg-neutral-100 text-neutral-1300 dark:bg-neutral-1200 dark:text-neutral-000 ui-text-overline2">
    <div>
      Overline 2
    </div>
    <code class="font-mono ui-text-code2 bg-neutral-200 text-neutral-1200 dark:bg-neutral-1100 dark:text-neutral-100 rounded-lg p-8">
      .ui-text-overline2
    </code>
  </div>
</div>
`;

exports[`Styles/Typography GUI smoke-test 1`] = `
<div class="grid sm:grid-cols-3 gap-16">
  <div class="rounded-lg p-16 flex flex-col gap-8 bg-neutral-100 text-neutral-1300 dark:bg-neutral-1200 dark:text-neutral-000 ui-text-button1">
    <div>
      Button label 1
    </div>
    <code class="font-mono ui-text-code2 bg-neutral-200 text-neutral-1200 dark:bg-neutral-1100 dark:text-neutral-100 rounded-lg p-8">
      .ui-text-button1
    </code>
  </div>
  <div class="rounded-lg p-16 flex flex-col gap-8 bg-neutral-100 text-neutral-1300 dark:bg-neutral-1200 dark:text-neutral-000 ui-text-button2">
    <div>
      Button label 2
    </div>
    <code class="font-mono ui-text-code2 bg-neutral-200 text-neutral-1200 dark:bg-neutral-1100 dark:text-neutral-100 rounded-lg p-8">
      .ui-text-button2
    </code>
  </div>
  <div class="rounded-lg p-16 flex flex-col gap-8 bg-neutral-100 text-neutral-1300 dark:bg-neutral-1200 dark:text-neutral-000 ui-text-button3">
    <div>
      Button label 3
    </div>
    <code class="font-mono ui-text-code2 bg-neutral-200 text-neutral-1200 dark:bg-neutral-1100 dark:text-neutral-100 rounded-lg p-8">
      .ui-text-button3
    </code>
  </div>
  <div class="rounded-lg p-16 flex flex-col gap-8 bg-neutral-100 text-neutral-1300 dark:bg-neutral-1200 dark:text-neutral-000 ui-text-button4">
    <div>
      Button label 4
    </div>
    <code class="font-mono ui-text-code2 bg-neutral-200 text-neutral-1200 dark:bg-neutral-1100 dark:text-neutral-100 rounded-lg p-8">
      .ui-text-button4
    </code>
  </div>
  <div class="rounded-lg p-16 flex flex-col gap-8 bg-neutral-100 text-neutral-1300 dark:bg-neutral-1200 dark:text-neutral-000 ui-text-menu1">
    <div>
      Menu label 1
    </div>
    <code class="font-mono ui-text-code2 bg-neutral-200 text-neutral-1200 dark:bg-neutral-1100 dark:text-neutral-100 rounded-lg p-8">
      .ui-text-menu1
    </code>
  </div>
  <div class="rounded-lg p-16 flex flex-col gap-8 bg-neutral-100 text-neutral-1300 dark:bg-neutral-1200 dark:text-neutral-000 ui-text-menu2">
    <div>
      Menu label 2
    </div>
    <code class="font-mono ui-text-code2 bg-neutral-200 text-neutral-1200 dark:bg-neutral-1100 dark:text-neutral-100 rounded-lg p-8">
      .ui-text-menu2
    </code>
  </div>
  <div class="rounded-lg p-16 flex flex-col gap-8 bg-neutral-100 text-neutral-1300 dark:bg-neutral-1200 dark:text-neutral-000 ui-text-menu3">
    <div>
      Menu label 3
    </div>
    <code class="font-mono ui-text-code2 bg-neutral-200 text-neutral-1200 dark:bg-neutral-1100 dark:text-neutral-100 rounded-lg p-8">
      .ui-text-menu3
    </code>
  </div>
  <div class="rounded-lg p-16 flex flex-col gap-8 bg-neutral-100 text-neutral-1300 dark:bg-neutral-1200 dark:text-neutral-000 ui-text-menu4">
    <div>
      Menu label 4
    </div>
    <code class="font-mono ui-text-code2 bg-neutral-200 text-neutral-1200 dark:bg-neutral-1100 dark:text-neutral-100 rounded-lg p-8">
      .ui-text-menu4
    </code>
  </div>
  <div class="rounded-lg p-16 flex flex-col gap-8 bg-neutral-100 text-neutral-1300 dark:bg-neutral-1200 dark:text-neutral-000 ui-text">
    <div>
      Link
    </div>
    <code class="font-mono ui-text-code2 bg-neutral-200 text-neutral-1200 dark:bg-neutral-1100 dark:text-neutral-100 rounded-lg p-8">
      .ui-text
    </code>
  </div>
</div>
`;

exports[`Styles/Typography Links smoke-test 1`] = `
<h3 class="ui-text-h2 mb-24">
  Links
</h3>
<p class="ui-text-p1 mb-24">
  The default text color is inherited from the surrounding text.
</p>
<div class="flex flex-wrap">
  <div class="p-16 mb-16 mr-16 border rounded">
    <p class="ui-text-p1 text-charcoal-grey">
      Lorem ipsum dolor sit amet, consectetur adipiscing elit. Integer nec odio. Class aptent taciti sociosqu ad litora torquent per conubia nostra,
      <a href="/xyz"
         class="ui-link"
      >
        per inceptos himenaeos
      </a>
      .
    </p>
  </div>
  <div class="p-16 mb-16 mr-16 border rounded bg-cool-black">
    <p class="ui-text-p1 text-white">
      Lorem ipsum dolor sit amet, consectetur adipiscing elit. Integer nec odio. Class aptent taciti sociosqu ad litora torquent per conubia nostra,
      <a href="/123"
         class="ui-link"
      >
        per inceptos himenaeos
      </a>
      .
    </p>
  </div>
  <div class="p-16 mb-16 mr-16 border rounded bg-jazzy-pink">
    <p class="ui-text-p1 text-charcoal-grey">
      Lorem ipsum dolor sit amet, consectetur adipiscing elit. Integer nec odio. Class aptent taciti sociosqu ad litora torquent per conubia nostra
      <a href="/123"
         class="ui-link-neutral"
      >
        per inceptos himenaeos
      </a>
      .
    </p>
  </div>
</div>
`;

exports[`Styles/Typography Lists smoke-test 1`] = `
<h3 class="ui-text-h2 mb-24">
  Lists
</h3>
<p class="ui-text-p1 mb-24">
  Note that lists support having li items and li items with children, while keeping the same margin (in these examples, the ordered list has paragraphs).
</p>
<div class="mb-40">
  <h4 class="ui-text-h3 mb-16">
    Unordered
  </h4>
  <p class="ui-text-p1">
    This is the preceding paragraph sed nisl id lectus scelerisque facilisis consectetur eget nisl. Morbi scelerisque felis vel ullamcorper viverra. In id ante quis quam sodales auctor in a ante. Maecenas faucibus, diam sit amet sollicitudin pellentesque, est nulla pellentesque sapien.
  </p>
  <ul class="ui-unordered-list">
    <li>
      Pellentesque consequat elit eget tristique sagittis. Etiam et erat et lorem elementum commodo. Aenean congue diam a nibh accumsan tincidunt.
      <ul>
        <li>
          In id ante quis quam sodales auctor in a ante. Maecenas faucibus, diam sit amet sollicitudin pellentesque, est nulla pellentesque sapien.
          <ul>
            <li>
              Etiam et erat et lorem elementum commodo.
            </li>
            <li>
              Etiam et erat et lorem elementum commodo.
            </li>
          </ul>
        </li>
      </ul>
    </li>
    <li>
      Etiam et erat et lorem elementum commodo.
    </li>
  </ul>
  <p class="ui-text-p1 mb-24">
    This is the following paragraph sed nisl id lectus scelerisque facilisis consectetur eget nisl. Morbi scelerisque felis vel ullamcorper viverra. In id ante quis quam sodales auctor in a ante. Maecenas faucibus, diam sit amet sollicitudin pellentesque, est nulla pellentesque sapien.
  </p>
</div>
<div class="mb-40">
  <h4 class="ui-text-h3 mb-16">
    Ordered
  </h4>
  <p class="ui-text-p1">
    This is the preceding paragraph sed nisl id lectus scelerisque facilisis consectetur eget nisl. Morbi scelerisque felis vel ullamcorper viverra. In id ante quis quam sodales auctor in a ante. Maecenas faucibus, diam sit amet sollicitudin pellentesque, est nulla pellentesque sapien.
  </p>
  <ol class="ui-ordered-list">
    <li>
      <p>
        Pellentesque consequat elit eget tristique sagittis. Etiam et erat et lorem elementum commodo. Aenean congue diam a nibh accumsan tincidunt.
      </p>
      <ol>
        <li>
          <p>
            In id ante quis quam sodales auctor in a ante. Maecenas faucibus, diam sit amet sollicitudin pellentesque, est nulla pellentesque sapien.
          </p>
          <ol>
            <li>
              <p>
                Etiam et erat et lorem elementum commodo.
              </p>
            </li>
          </ol>
        </li>
      </ol>
    </li>
  </ol>
  <p class="ui-text-p1 mb-24">
    This is the following paragraph sed nisl id lectus scelerisque facilisis consectetur eget nisl. Morbi scelerisque felis vel ullamcorper viverra. In id ante quis quam sodales auctor in a ante. Maecenas faucibus, diam sit amet sollicitudin pellentesque, est nulla pellentesque sapien.
  </p>
</div>
`;

exports[`Styles/Typography Primary smoke-test 1`] = `
<div class="grid sm:grid-cols-3 gap-16">
  <div class="rounded-lg p-16 flex flex-col gap-8 bg-neutral-100 dark:bg-neutral-1200 dark:text-neutral-000 ui-text-title text-title-xl">
    <div>
      Title XL
    </div>
    <code class="font-mono ui-text-code2 bg-neutral-200 text-neutral-1200 dark:bg-neutral-1100 dark:text-neutral-100 rounded-lg p-8">
      .ui-text-title.text-title-xl
    </code>
  </div>
  <div class="rounded-lg p-16 flex flex-col gap-8 bg-neutral-100 text-neutral-1300 dark:bg-neutral-1200 dark:text-neutral-000 ui-text-title">
    <div>
      Title
    </div>
    <code class="font-mono ui-text-code2 bg-neutral-200 text-neutral-1200 dark:bg-neutral-1100 dark:text-neutral-100 rounded-lg p-8">
      .ui-text-title
    </code>
  </div>
  <div class="rounded-lg p-16 flex flex-col gap-8 bg-neutral-100 dark:bg-neutral-1200 dark:text-neutral-000 ui-text-title text-title-xs">
    <div>
      Title XS
    </div>
    <code class="font-mono ui-text-code2 bg-neutral-200 text-neutral-1200 dark:bg-neutral-1100 dark:text-neutral-100 rounded-lg p-8">
      .ui-text-title.text-title-xs
    </code>
  </div>
  <div class="rounded-lg p-16 flex flex-col gap-8 bg-neutral-100 dark:bg-neutral-1200 dark:text-neutral-000 ui-text-h1 text-h1-xl">
    <div>
      h1 XL
    </div>
    <code class="font-mono ui-text-code2 bg-neutral-200 text-neutral-1200 dark:bg-neutral-1100 dark:text-neutral-100 rounded-lg p-8">
      .ui-text-h1.text-h1-xl
    </code>
  </div>
  <div class="rounded-lg p-16 flex flex-col gap-8 bg-neutral-100 text-neutral-1300 dark:bg-neutral-1200 dark:text-neutral-000 ui-text-h1">
    <div>
      h1
    </div>
    <code class="font-mono ui-text-code2 bg-neutral-200 text-neutral-1200 dark:bg-neutral-1100 dark:text-neutral-100 rounded-lg p-8">
      .ui-text-h1
    </code>
  </div>
  <div class="rounded-lg p-16 flex flex-col gap-8 bg-neutral-100 dark:bg-neutral-1200 dark:text-neutral-000 ui-text-h1 text-h1-xs">
    <div>
      h1 XS
    </div>
    <code class="font-mono ui-text-code2 bg-neutral-200 text-neutral-1200 dark:bg-neutral-1100 dark:text-neutral-100 rounded-lg p-8">
      .ui-text-h1.text-h1-xs
    </code>
  </div>
  <div class="rounded-lg p-16 flex flex-col gap-8 bg-neutral-100 dark:bg-neutral-1200 dark:text-neutral-000 ui-text-h2 text-h2-xl">
    <div>
      h2 XL
    </div>
    <code class="font-mono ui-text-code2 bg-neutral-200 text-neutral-1200 dark:bg-neutral-1100 dark:text-neutral-100 rounded-lg p-8">
      .ui-text-h2.text-h2-xl
    </code>
  </div>
  <div class="rounded-lg p-16 flex flex-col gap-8 bg-neutral-100 text-neutral-1300 dark:bg-neutral-1200 dark:text-neutral-000 ui-text-h2">
    <div>
      h2
    </div>
    <code class="font-mono ui-text-code2 bg-neutral-200 text-neutral-1200 dark:bg-neutral-1100 dark:text-neutral-100 rounded-lg p-8">
      .ui-text-h2
    </code>
  </div>
  <div class="rounded-lg p-16 flex flex-col gap-8 bg-neutral-100 dark:bg-neutral-1200 dark:text-neutral-000 ui-text-h2 text-h2-xs">
    <div>
      h2 XS
    </div>
    <code class="font-mono ui-text-code2 bg-neutral-200 text-neutral-1200 dark:bg-neutral-1100 dark:text-neutral-100 rounded-lg p-8">
      .ui-text-h2.text-h2-xs
    </code>
  </div>
  <div class="rounded-lg p-16 flex flex-col gap-8 bg-neutral-100 text-neutral-1300 dark:bg-neutral-1200 dark:text-neutral-000 ui-text-h3">
    <div>
      h3
    </div>
    <code class="font-mono ui-text-code2 bg-neutral-200 text-neutral-1200 dark:bg-neutral-1100 dark:text-neutral-100 rounded-lg p-8">
      .ui-text-h3
    </code>
  </div>
  <div class="rounded-lg p-16 flex flex-col gap-8 bg-neutral-100 text-neutral-1300 dark:bg-neutral-1200 dark:text-neutral-000 ui-text-h4">
    <div>
      h4
    </div>
    <code class="font-mono ui-text-code2 bg-neutral-200 text-neutral-1200 dark:bg-neutral-1100 dark:text-neutral-100 rounded-lg p-8">
      .ui-text-h4
    </code>
  </div>
  <div class="rounded-lg p-16 flex flex-col gap-8 bg-neutral-100 text-neutral-1300 dark:bg-neutral-1200 dark:text-neutral-000 ui-text-h5">
    <div>
      h5
    </div>
    <code class="font-mono ui-text-code2 bg-neutral-200 text-neutral-1200 dark:bg-neutral-1100 dark:text-neutral-100 rounded-lg p-8">
      .ui-text-h5
    </code>
  </div>
  <div class="rounded-lg p-16 flex flex-col gap-8 bg-neutral-100 text-neutral-1300 dark:bg-neutral-1200 dark:text-neutral-000 ui-text-p1">
    <div>
      p1
    </div>
    <code class="font-mono ui-text-code2 bg-neutral-200 text-neutral-1200 dark:bg-neutral-1100 dark:text-neutral-100 rounded-lg p-8">
      .ui-text-p1
    </code>
  </div>
  <div class="rounded-lg p-16 flex flex-col gap-8 bg-neutral-100 text-neutral-1300 dark:bg-neutral-1200 dark:text-neutral-000 ui-text-p2">
    <div>
      p2
    </div>
    <code class="font-mono ui-text-code2 bg-neutral-200 text-neutral-1200 dark:bg-neutral-1100 dark:text-neutral-100 rounded-lg p-8">
      .ui-text-p2
    </code>
  </div>
  <div class="rounded-lg p-16 flex flex-col gap-8 bg-neutral-100 text-neutral-1300 dark:bg-neutral-1200 dark:text-neutral-000 ui-text-p3">
    <div>
      p3
    </div>
    <code class="font-mono ui-text-code2 bg-neutral-200 text-neutral-1200 dark:bg-neutral-1100 dark:text-neutral-100 rounded-lg p-8">
      .ui-text-p3
    </code>
  </div>
  <div class="rounded-lg p-16 flex flex-col gap-8 bg-neutral-100 text-neutral-1300 dark:bg-neutral-1200 dark:text-neutral-000 ui-text-p4">
    <div>
      p4
    </div>
    <code class="font-mono ui-text-code2 bg-neutral-200 text-neutral-1200 dark:bg-neutral-1100 dark:text-neutral-100 rounded-lg p-8">
      .ui-text-p4
    </code>
  </div>
</div>
`;
