exports[`Chat button state > the button is inactive without Hubspot widget #0`] = `
<button
  type="button"
  class="ui-btn-secondary self-start mt-16"
  disabled=""
  data-id="open-chat-widget"
  data-enabled-label="Start a live chat"
  data-disabled-label="Live chat unavailable"
>
  Live chat unavailable
</button>
`;
