// Jest Snapshot v1, https://goo.gl/fbAQLP

exports[`Components/Contact Footer Default smoke-test 1`] = `
<div class="ui-contact-footer font-sans antialiased"
     data-id="contact-footer"
>
  <div class="w-full bp-lg max-w-screen-xl mx-auto py-64 grid grid-cols-1 md:grid-cols-3 ui-grid-gap ui-grid-px">
    <div class="ui-contact-footer-box">
      <svg class="block mb-16"
           style="width: 3rem; height: 3rem;"
      >
        <use xlink:href="#sprite-icon-display-live-chat">
        </use>
      </svg>
      <div>
        <div class="ui-text-h3 mb-24">
          Live Chat
        </div>
        <p class="ui-text-p1">
          Reach out team of experts over chat powered by Ably.
        </p>
      </div>
      <button type="button"
              class="ui-btn-secondary self-start mt-16"
              disabled
              data-id="open-chat-widget"
              data-enabled-label="Start a live chat"
              data-disabled-label="Live chat unavailable"
      >
        Live chat unavailable
      </button>
    </div>
    <div class="ui-contact-footer-box">
      <svg class="block mb-16"
           style="width: 3rem; height: 3rem;"
      >
        <use xlink:href="#sprite-icon-display-call-mobile">
        </use>
      </svg>
      <div class="flex-grow">
        <div class="ui-text-h3 mb-24">
          Call us
        </div>
        <p class="ui-text-p1">
          <span class="block">
            <strong class="font-bold">
              +1 877 434 5287
            </strong>
            (USA, toll free)
          </span>
          <span class="block">
            <strong class="font-bold">
              +44 20 3318 4689
            </strong>
            (UK)
          </span>
        </p>
      </div>
    </div>
    <div class="ui-contact-footer-box">
      <svg class="block mb-16"
           style="width: 3rem; height: 3rem;"
      >
        <use xlink:href="#sprite-icon-display-tech-account-comms">
        </use>
      </svg>
      <div>
        <div class="ui-text-h3 mb-24">
          Technical and account support
        </div>
        <p class="ui-text-p1">
          We're standing by to help with any questions or code.
        </p>
      </div>
      <a class="ui-btn-secondary self-start p-btn mt-16"
         href="/support"
      >
        Get support now
      </a>
    </div>
  </div>
</div>
`;
